
> placeholder-model-2@0.0.0 build
> tsc -b && vite build

src/components/ProgressBar.tsx(2,24): error TS2307: Cannot find module '../lib/data' or its corresponding type declarations.
src/components/ProgressBar.tsx(9,41): error TS7006: Parameter 't' implicitly has an 'any' type.
src/components/ProgressBar.tsx(26,24): error TS7006: Parameter 't' implicitly has an 'any' type.
src/components/ProgressBar.tsx(26,27): error TS7006: Parameter 'i' implicitly has an 'any' type.
src/components/Sidebar.tsx(4,24): error TS2307: Cannot find module '../lib/data' or its corresponding type declarations.
src/components/Sidebar.tsx(65,24): error TS7006: Parameter 'topic' implicitly has an 'any' type.
src/components/TopicContent.tsx(3,24): error TS2307: Cannot find module '../lib/data' or its corresponding type declarations.
src/components/TopicContent.tsx(19,29): error TS7006: Parameter 't' implicitly has an 'any' type.
src/components/TopicContent.tsx(78,32): error TS7006: Parameter 'section' implicitly has an 'any' type.
src/components/TopicContent.tsx(78,41): error TS7006: Parameter 'index' implicitly has an 'any' type.
src/components/TopicContent.tsx(149,49): error TS7006: Parameter 'point' implicitly has an 'any' type.
src/components/TopicContent.tsx(149,56): error TS7006: Parameter 'i' implicitly has an 'any' type.
